▲ Next.js 16.2.6 (Turbopack)
- Local:         http://localhost:3000
- Network:       http://192.168.100.18:3000
- Environments: .env
✓ Ready in 627ms

○ Compiling / ...
 GET / 200 in 8.9s (next.js: 4.1s, application-code: 4.8s)
 GET / 200 in 3.6s (next.js: 7ms, application-code: 3.6s)
✓ Compiled in 190ms
✓ Compiled in 310ms
 GET / 200 in 4.1s (next.js: 181ms, application-code: 4.0s)
 GET / 200 in 2.7s (next.js: 7ms, application-code: 2.7s)
 GET / 200 in 2.6s (next.js: 6ms, application-code: 2.6s)
 GET / 200 in 2.3s (next.js: 7ms, application-code: 2.2s)
 GET /catalogue/editorial-hero.jpg 200 in 3.2s (next.js: 1231ms, application-code: 2.0s)
 GET /catalogue/noir-editorial-1.jpg 200 in 4.0s (next.js: 1222ms, application-code: 2.8s)
 GET /catalogue/midnight-column-1.jpg 200 in 4.0s (next.js: 1228ms, application-code: 2.8s)
 GET /catalogue/editorial-b.jpg 200 in 4.0s (next.js: 1144ms, application-code: 2.8s)
 GET /catalogue/amber-heritage-look-1.jpg 200 in 4.0s (next.js: 1142ms, application-code: 2.8s)
 GET /catalogue/olive-safari-set-1.jpg 200 in 4.0s (next.js: 1131ms, application-code: 2.8s)
 GET / 200 in 966ms (next.js: 10ms, application-code: 955ms)
 GET / 200 in 2.3s (next.js: 10ms, application-code: 2.3s)
 GET / 200 in 2.2s (next.js: 5ms, application-code: 2.2s)
 GET /catalogue/teal-evening-piece-1.jpg 200 in 2.5s (next.js: 31ms, application-code: 2.4s)
 GET /catalogue/burgundy-statement-1.jpg 200 in 2.6s (next.js: 7ms, application-code: 2.6s)
 GET /catalogue/mauve-signature-set-1.jpg 200 in 2.8s (next.js: 15ms, application-code: 2.8s)
 GET /catalogue/ivory-occasion-gown-1.jpg 200 in 3.0s (next.js: 53ms, application-code: 3.0s)
 GET /catalogue/editorial-a.jpg 200 in 1560ms (next.js: 3ms, application-code: 1557ms)
 GET /catalogue/midnight-column-2.jpg 200 in 2.5s (next.js: 25ms, application-code: 2.5s)
 GET /catalogue/ivory-occasion-gown-1.jpg 200 in 1713ms (next.js: 14ms, application-code: 1699ms)
 GET /catalogue/editorial-hero.jpg 200 in 31ms (next.js: 21ms, application-code: 10ms)
 GET /catalogue/editorial-b.jpg 200 in 44ms (next.js: 35ms, application-code: 9ms)
 GET /catalogue/midnight-column-2.jpg 200 in 54ms (next.js: 48ms, application-code: 7ms)
 GET /catalogue/ivory-occasion-gown-1.jpg 200 in 71ms (next.js: 61ms, application-code: 10ms)
 GET /catalogue/editorial-a.jpg 200 in 99ms (next.js: 91ms, application-code: 8ms)
 GET /catalogue/midnight-column-1.jpg 200 in 24ms (next.js: 15ms, application-code: 10ms)
 GET /catalogue/amber-heritage-look-1.jpg 200 in 15ms (next.js: 7ms, application-code: 8ms)
 GET /catalogue/noir-editorial-1.jpg 200 in 30ms (next.js: 21ms, application-code: 9ms)
 GET /catalogue/olive-safari-set-1.jpg 200 in 31ms (next.js: 20ms, application-code: 11ms)
 GET /catalogue/teal-evening-piece-1.jpg 200 in 15ms (next.js: 4ms, application-code: 10ms)
 GET /catalogue/ivory-occasion-gown-1.jpg 200 in 21ms (next.js: 8ms, application-code: 13ms)
 GET /catalogue/mauve-signature-set-1.jpg 200 in 51ms (next.js: 40ms, application-code: 11ms)
 GET /catalogue/burgundy-statement-1.jpg 200 in 66ms (next.js: 56ms, application-code: 10ms)
 GET /catalogue/camel-tailored-coat-1.jpg 200 in 1292ms (next.js: 18ms, application-code: 1274ms)
 GET /catalogue/editorial-hero.jpg 200 in 30ms (next.js: 20ms, application-code: 10ms)
 GET /catalogue/editorial-b.jpg 200 in 42ms (next.js: 33ms, application-code: 9ms)
 GET /catalogue/editorial-b.jpg 200 in 18ms (next.js: 7ms, application-code: 11ms)
 GET / 200 in 3.0s (next.js: 10ms, application-code: 3.0s)
 GET / 200 in 621ms (next.js: 29ms, application-code: 593ms)
 GET / 200 in 630ms (next.js: 22ms, application-code: 607ms)
 GET /?_=1788713613 200 in 1914ms (next.js: 5ms, application-code: 1909ms)
 GET / 200 in 2.5s (next.js: 12ms, application-code: 2.5s)
✓ Compiled in 319ms
 GET / 200 in 2.8s (next.js: 167ms, application-code: 2.6s)
 GET / 200 in 2.6s (next.js: 23ms, application-code: 2.6s)
 GET / 200 in 2.7s (next.js: 9ms, application-code: 2.7s)
 GET / 200 in 668ms (next.js: 6ms, application-code: 662ms)
 GET / 200 in 2.5s (next.js: 131ms, application-code: 2.4s)
 GET / 200 in 2.4s (next.js: 11ms, application-code: 2.4s)
 GET / 200 in 963ms (next.js: 9ms, application-code: 953ms)
 GET / 200 in 2.6s (next.js: 8ms, application-code: 2.6s)
[?25h
