⚠ Warning: Next.js inferred your workspace root, but it may not be correct.
 We detected multiple lockfiles and selected the directory of C:\package-lock.json as the root directory.
 To silence this warning, set `turbopack.root` in your Next.js config, or consider removing one of the lockfiles if it's not needed.
   See https://nextjs.org/docs/app/api-reference/config/next-config-js/turbopack#root-directory for more information.
 Detected additional lockfiles: 
   * C:\Users\herve\Documents\FreeBuff Project\ossz-collections-e-commerce-specification-main\package-lock.json
   * C:\Users\herve\package-lock.json

Warning: Custom Cache-Control headers detected for the following routes:
  - /_next/image

Setting a custom Cache-Control header can break Next.js development behavior.
(node:4624) Warning: SECURITY WARNING: The SSL modes 'prefer', 'require', and 'verify-ca' are treated as aliases for 'verify-full'.
In the next major version (pg-connection-string v3.0.0 and pg v9.0.0), these modes will adopt standard libpq semantics, which have weaker security guarantees.

To prepare for this change:
- If you want the current behavior, explicitly use 'sslmode=verify-full'
- If you want libpq compatibility now, use 'uselibpqcompat=true&sslmode=require'

See https://www.postgresql.org/docs/current/libpq-ssl.html for libpq SSL mode definitions.
(Use `node --trace-warnings ...` to show where the warning was created)
[browser] Uncaught Error: Hydration failed because the server rendered text didn't match the client. As a result this tree will be regenerated on the client. This can happen if a SSR-ed Client Component used:

- A server/client branch `if (typeof window !== 'undefined')`.
- Variable input such as `Date.now()` or `Math.random()` which changes each time it's called.
- Date formatting in a user's locale which doesn't match the server.
- External changing data without sending a snapshot of it along with the HTML.
- Invalid HTML tag nesting.

It can also happen if the client has a browser extension installed which messes with the HTML before React loaded.

https://react.dev/link/hydration-mismatch

  ...
    <RedirectErrorBoundary router={{...}}>
      <Head>
      <__next_root_layout_boundary__>
        <LoadingBoundaryProvider loading={[...]}>
          <SegmentViewNode type="layout" pagePath="layout.tsx">
            <SegmentTrieNode>
            <link>
            <script>
            <script>
            <script>
            <script>
            <RootLayout>
              <html lang="en" className="poppins_a1...">
                <body className="min-h-scre...">
                  <a>
                  <SiteHeader>
                    <HeaderNav locale="en" itemCount={0} user={null}>
                      <header className="sticky top...">
                        <div className="wrap flex ...">
                          <button>
                          <nav>
                          <div className="flex items...">
                            <LanguageSwitcher>
                            <LinkComponent>
                            <LinkComponent href="/cart" className="relative t...">
                              <a className="relative t..." ref={function} onClick={function onClick} ...>
+                               Cart
-                               Bag
                                ...
                  ...
      ...

    at <unknown> (https://react.dev/link/hydration-mismatch)
    at throwOnHydrationMismatch (.next\dev\static\chunks\0inz_next_dist_compiled_react-dom_0k31u2l._.js:3318:56)
    at completeWork (.next\dev\static\chunks\0inz_next_dist_compiled_react-dom_0k31u2l._.js:7021:36)
    at runWithFiberInDEV (.next\dev\static\chunks\0inz_next_dist_compiled_react-dom_0k31u2l._.js:965:74)
    at completeUnitOfWork (.next\dev\static\chunks\0inz_next_dist_compiled_react-dom_0k31u2l._.js:9622:23)
    at performUnitOfWork (.next\dev\static\chunks\0inz_next_dist_compiled_react-dom_0k31u2l._.js:9557:28)
    at workLoopConcurrentByScheduler (.next\dev\static\chunks\0inz_next_dist_compiled_react-dom_0k31u2l._.js:9551:58)
    at renderRootConcurrent (.next\dev\static\chunks\0inz_next_dist_compiled_react-dom_0k31u2l._.js:9534:71)
    at performWorkOnRoot (.next\dev\static\chunks\0inz_next_dist_compiled_react-dom_0k31u2l._.js:9061:150)
    at performWorkOnRootViaSchedulerTask (.next\dev\static\chunks\0inz_next_dist_compiled_react-dom_0k31u2l._.js:10255:9)
    at MessagePort.performWorkUntilDeadline (.next\dev\static\chunks\0inz_next_dist_compiled_00rn2h1._.js:2647:64)
    at a (<anonymous>)
    at LinkComponent (.next\dev\static\chunks\0inz_next_0uluvj2._.js:906:50)
    at HeaderNav (.next\dev\static\chunks\0kz5_FreeBuff Project_ossz-collections-e-commerce-specification-main_src_0s~ib8q._.js:547:348)
    at SiteHeader (src\components\site-header.tsx:10:5)
    at RootLayout (src\app\layout.tsx:71:9)
   8 |   const [user, cart, locale] = await Promise.all([getCurrentUser(), getCart(), getLocale()]);
   9 |   return (
> 10 |     <HeaderNav
     |     ^
  11 |       locale={locale}
  12 |       itemCount={cart.itemCount}
  13 |       user={
Persisting failed: Unable to write SST file 00000113.sst

Caused by:
    The system cannot find the path specified. (os error 3)
Compaction failed: Another write batch or compaction is already active (Only a single write operations is allowed at a time)
