▲ Next.js 16.2.6 (Turbopack)
- Local:         http://localhost:3000
- Network:       http://192.168.100.18:3000
- Environments: .env
✓ Ready in 549ms

○ Compiling / ...
 GET / 200 in 7.1s (next.js: 3.8s, application-code: 3.2s)
 GET / 200 in 3.6s (next.js: 7ms, application-code: 3.6s)
 GET / 200 in 661ms (next.js: 6ms, application-code: 655ms)
 GET / 200 in 2.1s (next.js: 7ms, application-code: 2.1s)
 GET / 200 in 617ms (next.js: 8ms, application-code: 608ms)
 GET / 200 in 2.5s (next.js: 9ms, application-code: 2.5s)
 GET / 200 in 2.5s (next.js: 5ms, application-code: 2.5s)
 GET / 200 in 2.6s (next.js: 7ms, application-code: 2.6s)
 GET /catalogue/editorial-hero.jpg 200 in 4.3s (next.js: 2.3s, application-code: 1987ms)
 GET /catalogue/noir-editorial-1.jpg 200 in 4.8s (next.js: 2.2s, application-code: 2.6s)
 GET /catalogue/midnight-column-1.jpg 200 in 4.3s (next.js: 1662ms, application-code: 2.6s)
 GET /catalogue/editorial-hero.jpg 200 in 4.9s (next.js: 2.3s, application-code: 2.6s)
 GET /catalogue/noir-editorial-1.jpg 200 in 4.9s (next.js: 2.3s, application-code: 2.6s)
 GET /catalogue/midnight-column-1.jpg 200 in 5.1s (next.js: 2.3s, application-code: 2.8s)
 GET /catalogue/amber-heritage-look-1.jpg 200 in 850ms (next.js: 32ms, application-code: 818ms)
 GET /catalogue/olive-safari-set-1.jpg 200 in 980ms (next.js: 41ms, application-code: 939ms)
✓ Compiled in 309ms
 GET / 200 in 2.8s (next.js: 320ms, application-code: 2.5s)
 GET / 200 in 2.4s (next.js: 14ms, application-code: 2.4s)
 GET / 200 in 2.2s (next.js: 6ms, application-code: 2.2s)
 GET / 200 in 645ms (next.js: 5ms, application-code: 640ms)
✓ Compiled in 1131ms
 GET / 200 in 4.8s (next.js: 441ms, application-code: 4.4s)
 GET / 200 in 4.1s (next.js: 21ms, application-code: 4.1s)
 GET / 200 in 3.6s (next.js: 6ms, application-code: 3.6s)
 GET /catalogue/editorial-b.jpg 200 in 1882ms (next.js: 125ms, application-code: 1757ms)
 GET /catalogue/ivory-occasion-gown-1.jpg 200 in 2.2s (next.js: 83ms, application-code: 2.1s)
 GET /catalogue/teal-evening-piece-1.jpg 200 in 2.2s (next.js: 114ms, application-code: 2.1s)
 GET / 200 in 1995ms (next.js: 11ms, application-code: 1985ms)
 GET /catalogue/mauve-signature-set-1.jpg 200 in 1892ms (next.js: 15ms, application-code: 1877ms)
 GET /catalogue/burgundy-statement-1.jpg 200 in 1914ms (next.js: 26ms, application-code: 1888ms)
 GET /catalogue/ivory-occasion-gown-1.jpg 200 in 23ms (next.js: 14ms, application-code: 9ms)
 GET /catalogue/midnight-column-2.jpg 200 in 807ms (next.js: 18ms, application-code: 789ms)
 GET /catalogue/editorial-a.jpg 200 in 796ms (next.js: 6ms, application-code: 790ms)
 GET /catalogue/editorial-a.jpg 200 in 775ms (next.js: 21ms, application-code: 754ms)
 GET /catalogue/camel-tailored-coat-1.jpg 200 in 850ms (next.js: 3ms, application-code: 847ms)
 GET /catalogue/midnight-column-1.jpg 200 in 49ms (next.js: 27ms, application-code: 22ms)
 GET /catalogue/noir-editorial-1.jpg 200 in 66ms (next.js: 52ms, application-code: 14ms)
 GET /catalogue/amber-heritage-look-1.jpg 200 in 81ms (next.js: 69ms, application-code: 11ms)
 GET /catalogue/editorial-hero.jpg 200 in 100ms (next.js: 87ms, application-code: 13ms)
 GET /catalogue/olive-safari-set-1.jpg 200 in 117ms (next.js: 102ms, application-code: 14ms)
 GET /catalogue/teal-evening-piece-1.jpg 200 in 91ms (next.js: 44ms, application-code: 47ms)
 GET /catalogue/burgundy-statement-1.jpg 200 in 16ms (next.js: 5ms, application-code: 11ms)
 GET /catalogue/mauve-signature-set-1.jpg 200 in 47ms (next.js: 22ms, application-code: 25ms)
 GET /catalogue/ivory-occasion-gown-1.jpg 200 in 90ms (next.js: 68ms, application-code: 22ms)
 GET /catalogue/editorial-b.jpg 200 in 15ms (next.js: 6ms, application-code: 9ms)
 GET /shop 200 in 5.3s (next.js: 2.3s, application-code: 3.0s)
 GET /catalogue/periwinkle-drape-1.jpg 200 in 3.1s (next.js: 51ms, application-code: 3.1s)
 GET /lookbook 200 in 3.1s (next.js: 1187ms, application-code: 1922ms)
 GET /catalogue/midnight-column-2.jpg 200 in 34ms (next.js: 23ms, application-code: 12ms)
 GET /catalogue/editorial-a.jpg 200 in 51ms (next.js: 40ms, application-code: 11ms)
 GET /catalogue/ivory-occasion-gown-1.jpg 200 in 68ms (next.js: 55ms, application-code: 13ms)
 GET /catalogue/camel-tailored-coat-1.jpg 200 in 334ms (next.js: 110ms, application-code: 224ms)
 GET /catalogue/olive-safari-set-1.jpg 200 in 523ms (next.js: 509ms, application-code: 14ms)
 GET /catalogue/amber-heritage-look-1.jpg 200 in 641ms (next.js: 528ms, application-code: 113ms)
 GET /catalogue/charcoal-draped-look-1.jpg 200 in 3.2s (next.js: 7ms, application-code: 3.2s)
 GET /catalogue/midnight-column-1.jpg 200 in 37ms (next.js: 23ms, application-code: 14ms)
 GET /catalogue/periwinkle-drape-1.jpg 200 in 45ms (next.js: 33ms, application-code: 12ms)
 GET /catalogue/noir-editorial-1.jpg 200 in 16ms (next.js: 6ms, application-code: 10ms)
 GET /catalogue/mauve-signature-set-1.jpg 200 in 36ms (next.js: 22ms, application-code: 13ms)
 GET /catalogue/sand-linen-look-1.jpg 200 in 2.5s (next.js: 25ms, application-code: 2.4s)
 GET /catalogue/teal-evening-piece-1.jpg 200 in 18ms (next.js: 5ms, application-code: 13ms)
 GET /shop 200 in 4.6s (next.js: 19ms, application-code: 4.6s)
 GET /shop 200 in 2.5s (next.js: 14ms, application-code: 2.5s)
 GET / 200 in 2.2s (next.js: 14ms, application-code: 2.2s)
✓ Compiled in 407ms
 GET / 200 in 2.5s (next.js: 17ms, application-code: 2.5s)
 GET / 200 in 3.2s (next.js: 307ms, application-code: 2.9s)
✓ Compiled in 689ms
✓ Compiled in 175ms
 GET / 200 in 2.8s (next.js: 280ms, application-code: 2.5s)
 GET / 200 in 2.4s (next.js: 18ms, application-code: 2.4s)
 GET / 200 in 918ms (next.js: 7ms, application-code: 910ms)
 GET / 200 in 780ms (next.js: 9ms, application-code: 770ms)
 GET / 200 in 3.3s (next.js: 9ms, application-code: 3.3s)
 GET /catalogue/editorial-hero.jpg 200 in 123ms (next.js: 100ms, application-code: 24ms)
 GET /catalogue/editorial-b.jpg 200 in 141ms (next.js: 129ms, application-code: 11ms)
 GET /catalogue/burgundy-statement-1.jpg 200 in 161ms (next.js: 149ms, application-code: 12ms)
 GET /catalogue/mauve-signature-set-1.jpg 200 in 34ms (next.js: 14ms, application-code: 21ms)
✓ Compiled in 472ms
 GET / 200 in 3.8s (next.js: 12ms, application-code: 3.8s)
 GET /catalogue/editorial-b.jpg 200 in 60ms (next.js: 29ms, application-code: 31ms)
 GET /catalogue/editorial-hero.jpg 200 in 347ms (next.js: 204ms, application-code: 143ms)
 GET /catalogue/midnight-column-1.jpg 200 in 319ms (next.js: 296ms, application-code: 23ms)
 GET /catalogue/noir-editorial-1.jpg 200 in 36ms (next.js: 9ms, application-code: 28ms)
 GET /catalogue/amber-heritage-look-1.jpg 200 in 74ms (next.js: 42ms, application-code: 32ms)
 GET /catalogue/olive-safari-set-1.jpg 200 in 78ms (next.js: 48ms, application-code: 30ms)
 GET / 200 in 5.9s (next.js: 183ms, application-code: 5.7s)
 GET /catalogue/editorial-b.jpg 200 in 19ms (next.js: 7ms, application-code: 13ms)
✓ Compiled in 1551ms
○ Compiling /_error ...
 GET / 500 in 6.1s (next.js: 1400ms, application-code: 4.7s)
 GET / 500 in 6.0s (next.js: 2.0s, application-code: 4.0s)
 GET / 500 in 14.8s (next.js: 10.9s, application-code: 3.9s)
 GET / 500 in 14.9s (next.js: 11.1s, application-code: 3.8s)
 GET / 500 in 6.2s (next.js: 2.3s, application-code: 3.9s)
 GET / 500 in 1306ms (next.js: 262ms, application-code: 1043ms)
 GET / 500 in 1281ms (next.js: 1019ms, application-code: 262ms)
 GET / 500 in 1275ms (next.js: 1058ms, application-code: 217ms)
 GET / 500 in 1269ms (next.js: 1100ms, application-code: 169ms)
 GET / 500 in 1262ms (next.js: 1147ms, application-code: 115ms)
 GET / 500 in 1241ms (next.js: 1194ms, application-code: 48ms)
 GET / 500 in 361ms (next.js: 92ms, application-code: 268ms)
 GET / 500 in 366ms (next.js: 150ms, application-code: 216ms)
 GET / 500 in 360ms (next.js: 188ms, application-code: 172ms)
 GET / 500 in 360ms (next.js: 242ms, application-code: 118ms)
 GET / 500 in 359ms (next.js: 293ms, application-code: 66ms)
 GET / 500 in 395ms (next.js: 351ms, application-code: 45ms)
 GET / 500 in 410ms (next.js: 101ms, application-code: 309ms)
 GET / 500 in 408ms (next.js: 163ms, application-code: 245ms)
 GET / 500 in 408ms (next.js: 228ms, application-code: 180ms)
 GET / 500 in 408ms (next.js: 277ms, application-code: 132ms)
 GET / 500 in 409ms (next.js: 337ms, application-code: 72ms)
 GET / 500 in 452ms (next.js: 391ms, application-code: 61ms)
 GET / 500 in 403ms (next.js: 95ms, application-code: 308ms)
 GET / 500 in 402ms (next.js: 160ms, application-code: 243ms)
 GET / 500 in 400ms (next.js: 207ms, application-code: 193ms)
 GET / 500 in 400ms (next.js: 277ms, application-code: 123ms)
 GET / 500 in 399ms (next.js: 329ms, application-code: 70ms)
 GET / 500 in 433ms (next.js: 371ms, application-code: 62ms)
 GET / 500 in 376ms (next.js: 107ms, application-code: 269ms)
 GET / 500 in 375ms (next.js: 167ms, application-code: 208ms)
 GET / 500 in 375ms (next.js: 219ms, application-code: 156ms)
 GET / 500 in 371ms (next.js: 311ms, application-code: 60ms)
 GET / 500 in 374ms (next.js: 260ms, application-code: 114ms)
 GET / 500 in 385ms (next.js: 327ms, application-code: 58ms)
 GET / 500 in 380ms (next.js: 94ms, application-code: 287ms)
 GET / 500 in 380ms (next.js: 153ms, application-code: 228ms)
 GET / 500 in 380ms (next.js: 205ms, application-code: 175ms)
 GET / 500 in 380ms (next.js: 262ms, application-code: 118ms)
 GET / 500 in 380ms (next.js: 312ms, application-code: 68ms)
 GET / 500 in 400ms (next.js: 347ms, application-code: 53ms)
 GET / 500 in 388ms (next.js: 97ms, application-code: 290ms)
 GET / 500 in 387ms (next.js: 155ms, application-code: 233ms)
 GET / 500 in 387ms (next.js: 209ms, application-code: 178ms)
 GET / 500 in 386ms (next.js: 265ms, application-code: 121ms)
 GET / 500 in 384ms (next.js: 305ms, application-code: 79ms)
 GET / 500 in 402ms (next.js: 352ms, application-code: 50ms)
 GET / 500 in 327ms (next.js: 94ms, application-code: 234ms)
 GET / 500 in 327ms (next.js: 142ms, application-code: 184ms)
 GET / 500 in 325ms (next.js: 177ms, application-code: 149ms)
 GET / 500 in 324ms (next.js: 217ms, application-code: 107ms)
 GET / 500 in 322ms (next.js: 267ms, application-code: 55ms)
 GET / 500 in 360ms (next.js: 294ms, application-code: 65ms)
 GET / 200 in 10.4s (next.js: 4.1s, application-code: 6.3s)
 GET /catalogue/midnight-column-2.jpg 200 in 249ms (next.js: 219ms, application-code: 30ms)
 GET /catalogue/editorial-a.jpg 200 in 266ms (next.js: 253ms, application-code: 14ms)
 GET /catalogue/ivory-occasion-gown-1.jpg 200 in 324ms (next.js: 270ms, application-code: 54ms)
 GET /api/product/olive-safari-set?locale=en 200 in 8.1s (next.js: 4.0s, application-code: 4.0s)
 GET /catalogue/olive-safari-set-1.jpg 200 in 72ms (next.js: 23ms, application-code: 49ms)
 GET / 200 in 2.6s (next.js: 13ms, application-code: 2.6s)
 POST / 200 in 3.6s (next.js: 19ms, application-code: 3.5s)
  └─ ƒ addToCart(141, 1) in 754ms src/lib/actions.ts
 POST / 200 in 1989ms (next.js: 11ms, application-code: 1978ms)
  └─ ƒ addToCart(141, 1) in 735ms src/lib/actions.ts
 GET / 200 in 1209ms (next.js: 7ms, application-code: 1202ms)
 POST / 200 in 1784ms (next.js: 7ms, application-code: 1777ms)
  └─ ƒ addToCart(141, 1) in 750ms src/lib/actions.ts
 GET /checkout 200 in 3.7s (next.js: 2.6s, application-code: 1182ms)
 GET /checkout 200 in 1251ms (next.js: 30ms, application-code: 1221ms)
 GET /order/OSZ-9B6M24IW?email=hervememba%40gmail.com 200 in 3.6s (next.js: 1495ms, application-code: 2.1s)
 POST /checkout 303 in 9.3s (next.js: 7ms, application-code: 9.3s)
  └─ ƒ placeOrderAction({"message":"","ok":false}, {}) in 5601ms src/lib/actions.ts
 GET /shop 200 in 3.6s (next.js: 153ms, application-code: 3.5s)
[?25h
